// Jest Snapshot v1, https://goo.gl/fbAQLP

exports[`IndexTemplate renders without errors 1`] = `
<DocumentFragment>
  <main
    class="main"
  >
    <div
      class="container"
    >
      <header
        class="header-inner"
      >
        <a
          class="header-inner__link--home header-inner__link"
          href="/"
        >
          Test Title
        </a>
      </header>
      <section
        class="post-listing"
      >
        <article
          class="post-listing__article"
        >
          <a
            class="post-listing__link"
            href="test_0"
          >
            <h2
              class="post-listing__title"
            >
              Test 0
            </h2>
            <time
              class="post-listing__date"
              datetime="2019-03-03T23:39:13-03:00"
            >
              03 de Março de 2019
            </time>
            <div
              class="post-listing__description"
            >
              <p />
            </div>
          </a>
        </article>
        <article
          class="post-listing__article"
        >
          <a
            class="post-listing__link"
            href="test_1"
          >
            <h2
              class="post-listing__title"
            >
              Test 1
            </h2>
            <time
              class="post-listing__date"
              datetime="2019-03-04T23:39:13-03:00"
            >
              04 de Março de 2019
            </time>
            <div
              class="post-listing__description"
            >
              <p />
            </div>
          </a>
        </article>
        <article
          class="post-listing__article"
        >
          <a
            class="post-listing__link"
            href="test_2"
          >
            <h2
              class="post-listing__title"
            >
              Test 2
            </h2>
            <time
              class="post-listing__date"
              datetime="2019-03-05T23:39:13-03:00"
            >
              05 de Março de 2019
            </time>
            <div
              class="post-listing__description"
            >
              <p />
            </div>
          </a>
        </article>
        <article
          class="post-listing__article"
        >
          <a
            class="post-listing__link"
            href="test_3"
          >
            <h2
              class="post-listing__title"
            >
              Test 3
            </h2>
            <time
              class="post-listing__date"
              datetime="2019-03-06T23:39:13-03:00"
            >
              06 de Março de 2019
            </time>
            <div
              class="post-listing__description"
            >
              <p />
            </div>
          </a>
        </article>
      </section>
      <div
        class="navigation"
      >
        <ul
          class="navigation__list"
        >
          <li
            class="navigation__item"
          >
            <a
              class="navigation__link"
              href="test_0"
            >
              Test 0
            </a>
          </li>
          <li
            class="navigation__item"
          >
            <a
              class="navigation__link"
              href="test_1"
            >
              Test 1
            </a>
          </li>
          <li
            class="navigation__item"
          >
            <a
              class="navigation__link"
              href="test_2"
            >
              Test 2
            </a>
          </li>
          <li
            class="navigation__item"
          >
            <a
              class="navigation__link"
              href="test_3"
            >
              Test 3
            </a>
          </li>
        </ul>
      </div>
    </div>
  </main>
</DocumentFragment>
`;
