// Jest Snapshot v1, https://goo.gl/fbAQLP

exports[`PostTemplate renders without errors 1`] = `
<DocumentFragment>
  <main
    class="main"
  >
    <div
      class="container"
    >
      <header
        class="header-inner"
      >
        <a
          class="header-inner__link--home header-inner__link"
          href="/"
        >
          Test Title
        </a>
      </header>
      <article
        class="single"
      >
        <header
          class="single__header"
        >
          <h1
            class="single__title"
          >
            test
          </h1>
          <time
            class="single__date"
            datetime="2016-09-01T00:00:00-03:00"
          >
            01/09/2016
          </time>
        </header>
        <div
          class="single__content"
        >
          <p>
            test
          </p>
        </div>
      </article>
    </div>
  </main>
</DocumentFragment>
`;
